2026-09-10 14:04:49,047 [INFO] ======================================================================
2026-09-10 14:04:49,063 [INFO]        STAGE 1: SPARK INGESTION & DATA PROFILING
2026-09-10 14:04:49,063 [INFO] ======================================================================
2026-09-10 14:04:49,063 [INFO] Initializing PySpark Session for Local Cluster Execution...
2026-09-10 14:04:59,248 [INFO] Target Directory: D:\COLLEGE\SEM 7\CNS\PROJECT\DATASET\NYC_Taxi_Data
2026-09-10 14:04:59,248 [INFO] Parquet Files Count: 28
2026-09-10 14:04:59,248 [INFO] Total Dataset Size on Disk: 4.11 GB
2026-09-10 14:04:59,248 [INFO] Ingesting Parquet dataset into PySpark DataFrame...
2026-09-10 14:05:02,115 [INFO] PySpark DataFrame Partitions: 34
2026-09-10 14:05:02,115 [INFO] Calculating total record count across all Parquet files...
2026-09-10 14:05:03,462 [INFO] TOTAL RAW RECORDS INGESTED: 316,394,207
2026-09-10 14:05:03,466 [INFO] Raw Dataset Schema & Data Types:
2026-09-10 14:05:03,468 [INFO] 
root
 |-- VendorID: long (nullable = true)
 |-- tpep_pickup_datetime: timestamp_ntz (nullable = true)
 |-- tpep_dropoff_datetime: timestamp_ntz (nullable = true)
 |-- passenger_count: long (nullable = true)
 |-- trip_distance: double (nullable = true)
 |-- RatecodeID: long (nullable = true)
 |-- store_and_fwd_flag: string (nullable = true)
 |-- PULocationID: long (nullable = true)
 |-- DOLocationID: long (nullable = true)
 |-- payment_type: long (nullable = true)
 |-- fare_amount: double (nullable = true)
 |-- extra: double (nullable = true)
 |-- mta_tax: double (nullable = true)
 |-- tip_amount: double (nullable = true)
 |-- tolls_amount: double (nullable = true)
 |-- improvement_surcharge: double (nullable = true)
 |-- total_amount: double (nullable = true)
 |-- congestion_surcharge: integer (nullable = true)
 |-- airport_fee: integer (nullable = true)

2026-09-10 14:05:03,470 [INFO] Profiling Missing / Null / NaN Values per Column...
2026-09-10 14:05:23,909 [INFO] Column Name                    | Null Count   | Null Percentage
2026-09-10 14:05:23,909 [INFO] -----------------------------------------------------------------
2026-09-10 14:05:23,909 [INFO] VendorID                       | 0            | 0.00          %
2026-09-10 14:05:23,909 [INFO] tpep_pickup_datetime           | 0            | 0.00          %
2026-09-10 14:05:23,912 [INFO] tpep_dropoff_datetime          | 0            | 0.00          %
2026-09-10 14:05:23,912 [INFO] passenger_count                | 0            | 0.00          %
2026-09-10 14:05:23,912 [INFO] trip_distance                  | 0            | 0.00          %
2026-09-10 14:05:23,912 [INFO] RatecodeID                     | 0            | 0.00          %
2026-09-10 14:05:23,912 [INFO] store_and_fwd_flag             | 0            | 0.00          %
2026-09-10 14:05:23,913 [INFO] PULocationID                   | 0            | 0.00          %
2026-09-10 14:05:23,913 [INFO] DOLocationID                   | 0            | 0.00          %
2026-09-10 14:05:23,913 [INFO] payment_type                   | 0            | 0.00          %
2026-09-10 14:05:23,913 [INFO] fare_amount                    | 0            | 0.00          %
2026-09-10 14:05:23,913 [INFO] extra                          | 0            | 0.00          %
2026-09-10 14:05:23,913 [INFO] mta_tax                        | 0            | 0.00          %
2026-09-10 14:05:23,913 [INFO] tip_amount                     | 0            | 0.00          %
2026-09-10 14:05:23,913 [INFO] tolls_amount                   | 0            | 0.00          %
2026-09-10 14:05:23,913 [INFO] improvement_surcharge          | 3            | 0.00          %
2026-09-10 14:05:23,913 [INFO] total_amount                   | 0            | 0.00          %
2026-09-10 14:05:23,914 [INFO] congestion_surcharge           | 316,394,207  | 100.00        %
2026-09-10 14:05:23,914 [INFO] airport_fee                    | 316,394,207  | 100.00        %
2026-09-10 14:05:23,914 [INFO] Checking for duplicate records (Representative Key Sample)...
2026-09-10 14:05:30,020 [INFO] Duplicate Record Profile: estimated 0.00% duplicate rate across raw dataset.
2026-09-10 14:05:30,020 [INFO] Ingesting Taxi Zone Lookup CSV...
2026-09-10 14:05:30,548 [INFO] Taxi Zone Lookup Records: 265
2026-09-10 14:05:30,548 [INFO] Taxi Zone Schema:
2026-09-10 14:05:30,549 [INFO] Displaying 5 sample raw records:
2026-09-10 14:05:34,632 [INFO] 
   VendorID tpep_pickup_datetime tpep_dropoff_datetime  passenger_count  trip_distance  RatecodeID store_and_fwd_flag  PULocationID  DOLocationID  payment_type  fare_amount  extra  mta_tax  tip_amount  tolls_amount  improvement_surcharge  total_amount  congestion_surcharge  airport_fee
0         1  2015-01-01 00:11:33   2015-01-01 00:16:48                1            1.0           1                  N            41           166             1          5.7    0.5      0.5        1.40           0.0                    0.0          8.40                   NaN          NaN
1         1  2015-01-01 00:18:24   2015-01-01 00:24:20                1            0.9           1                  N           166           238             3          6.0    0.5      0.5        0.00           0.0                    0.0          7.30                   NaN          NaN
2         1  2015-01-01 00:26:19   2015-01-01 00:41:06                1            3.5           1                  N           238           162             1         13.2    0.5      0.5        2.90           0.0                    0.0         17.40                   NaN          NaN
3         1  2015-01-01 00:45:26   2015-01-01 00:53:20                1            2.1           1                  N           162           263             1          8.2    0.5      0.5        2.37           0.0                    0.0         11.87                   NaN          NaN
4         1  2015-01-01 00:59:21   2015-01-01 01:05:24                1            1.0           1                  N           236           141             3          6.0    0.5      0.5        0.00           0.0                    0.0          7.30                   NaN          NaN
2026-09-10 14:05:34,633 [INFO] ======================================================================
2026-09-10 14:05:34,633 [INFO] STAGE 1 COMPLETE: Ingestion & Profiling finished in 45.59 seconds.
2026-09-10 14:05:34,633 [INFO] ======================================================================
